
--- Testing login for admin ---
SUCCESS: Login successful for admin

--- Testing Add Water Data ---
SUCCESS: Water data submitted.
VERIFIED: Water data is visible on dashboard.

--- Testing Add Energy Data ---
SUCCESS: Energy data submitted.
VERIFIED: Energy data is visible on dashboard.

--- Testing Add Waste Data ---
SUCCESS: Waste data submitted.
VERIFIED: Waste data is visible on dashboard.

--- Testing Add Carbon Data ---
SUCCESS: Carbon data submitted.
VERIFIED: Carbon data is visible on dashboard.

--- Testing Add SDG Data ---
SUCCESS: SDG data submitted.
WARNING: SDG data submitted but NOT found on dashboard. Missing: ['Action-1768895227']

--- Testing Add GRI Data ---
SUCCESS: GRI data submitted.
VERIFIED: GRI data is visible on dashboard.

--- Testing Add Social Data ---
SUCCESS: Social data submitted.
VERIFIED: Social data is visible on dashboard.

--- Testing Add Governance Data ---
SUCCESS: Governance data submitted.
VERIFIED: Governance data is visible on dashboard.

--- Testing Add ESG Score ---
SUCCESS: ESG data submitted.
VERIFIED: ESG data is visible on dashboard.

--- Testing Add CBAM Data ---
SUCCESS: CBAM data submitted.
VERIFIED: CBAM data is visible on dashboard.

--- Testing Add CSRD Materiality ---
SUCCESS: CSRD data submitted.
WARNING: CSRD data submitted but NOT found on dashboard. Missing: ['CSRD Topic-1768895234']

--- Testing Add Taxonomy Data ---
SUCCESS: Taxonomy data submitted.
VERIFIED: Taxonomy data is visible on dashboard.

--- Testing Add Economic Data ---
SUCCESS: Economic data submitted.
VERIFIED: Economic data is visible on dashboard.

--- Testing Add Supply Chain Data ---
SUCCESS: Supply Chain data submitted.
VERIFIED: Supply Chain data is visible on dashboard.

--- Testing Add ISSB Data ---
SUCCESS: ISSB data submitted.
VERIFIED: ISSB data is visible on dashboard.

--- Testing Add IIRC Report ---
SUCCESS: IIRC data submitted.
WARNING: IIRC data submitted but NOT found on dashboard. Missing: ['IIRC-Rep-1768895238']

--- Testing Add TCFD Data ---
SUCCESS: TCFD data submitted.
VERIFIED: TCFD data is visible on dashboard.

--- Testing Add TNFD Data ---
SUCCESS: TNFD data submitted.
VERIFIED: TNFD data is visible on dashboard.

--- Testing Add SASB Data ---
SUCCESS: SASB data submitted.
VERIFIED: SASB data is visible on dashboard.

--- Testing Unified Report Generation ---
SUCCESS: Unified report generated (redirected).
